---
source: crates/webfang_core/tests/behavioral/main.rs
expression: redacted
---
---
title: Vector Export Test
url: http://127.0.0.1:<PORT>/
date: [DATE]
excerpt: Enough content for the extractor to produce a real document chunk.
---

Enough content for the extractor to produce a real document chunk.

A second paragraph keeps readability extraction stable and deterministic.
